
> base-laravel-inertiajs@2.1.1 build
> vite build && php artisan cache:sidebar-refresh

[36mvite v5.4.21 [32mbuilding for production...[36m[39m
transforming...
node.exe : Browserslist: browsers data (caniuse-lite) is 6 months old. Please 
run:
At line:1 char:1
+ & "C:\Program Files\nodejs/node.exe" "C:\Program Files\nodejs/node_mo ...
+ ~~~~~~~~~~~~~~~~~~~~~~~~~~~~~~~~~~~~~~~~~~~~~~~~~~~~~~~~~~~~~~~~~~~~~
    + CategoryInfo          : NotSpecified: (Browserslist: b...ld. Please run: 
   :String) [], RemoteException
    + FullyQualifiedErrorId : NativeCommandError
 
  npx update-browserslist-db@latest
  Why you should do it regularly: 
https://github.com/browserslist/update-db#readme
[33m[vite:css] Gradient has outdated direction syntax. New syntax is like `to 
left` instead of `right`.
11 |      content: 'Drop a file here or click';
12 |      display: inline-block;
13 |      background: linear-gradient(top, #f9f9f9, #e3e3e3);
   |      ^^^^^^^^^^^^^^^^^^^^^^^^^^^^^^^^^^^^^^^^^^^^^^^^^^^
14 |      border: 1px solid #999;
15 |      border-radius: 3px;[39m
[32m✓[39m 1341 modules transformed.
[33m
[1m(!)[22m The public directory feature may not work correctly. outDir 
[37m[2mC:\laragon\www\hms\public\build[22m[33m and publicDir 
[37m[2mC:/laragon/www/hms/public[22m[33m are not separate folders.
[39m
rendering chunks...
[33mwarnings when minifying css:
▲ [WARNING] Expected identifier but found "#053855" [css-syntax-error]

    <stdin>:25:5:
      25 │ .bg-[#053855][data-v-982dcb3a] {
         ╵      ~~~~~~~

[39m
computing gzip size...
[2mpublic/build/[22m[32massets/toamed-DqzF15ec.jpeg                        [39m[1m[2m   71.06 kB[22m[1m[22m
[2mpublic/build/[22m[32mmanifest.json                                      [39m[1m[2m  159.74 kB[22m[1m[22m[2m │ gzip:  10.39 kB[22m
[2mpublic/build/[22m[35massets/Index-tn0RQdqM.css                          [39m[1m[2m    0.00 kB[22m[1m[22m[2m │ gzip:   0.02 kB[22m
[2mpublic/build/[22m[35massets/Form-CykmnvUq.css                           [39m[1m[2m    0.06 kB[22m[1m[22m[2m │ gzip:   0.08 kB[22m
[2mpublic/build/[22m[35massets/Form-CgIk0686.css                           [39m[1m[2m    0.06 kB[22m[1m[22m[2m │ gzip:   0.08 kB[22m
[2mpublic/build/[22m[35massets/GrnPrint-Cg21AzQq.css                       [39m[1m[2m    0.07 kB[22m[1m[22m[2m │ gzip:   0.09 kB[22m
[2mpublic/build/[22m[35massets/RequisitionPrint-U82nCiSo.css               [39m[1m[2m    0.07 kB[22m[1m[22m[2m │ gzip:   0.09 kB[22m
[2mpublic/build/[22m[35massets/compactForm-BgcNJu54.css                    [39m[1m[2m    0.10 kB[22m[1m[22m[2m │ gzip:   0.10 kB[22m
[2mpublic/build/[22m[35massets/Index-Djw_jPHJ.css                          [39m[1m[2m    0.23 kB[22m[1m[22m[2m │ gzip:   0.16 kB[22m
[2mpublic/build/[22m[35massets/Form-MrkuXMxc.css                           [39m[1m[2m    0.23 kB[22m[1m[22m[2m │ gzip:   0.12 kB[22m
[2mpublic/build/[22m[35massets/Form-Dv5xRBGg.css                           [39m[1m[2m    0.23 kB[22m[1m[22m[2m │ gzip:   0.12 kB[22m
[2mpublic/build/[22m[35massets/Form-BdNui8Ff.css                           [39m[1m[2m    0.33 kB[22m[1m[22m[2m │ gzip:   0.20 kB[22m
[2mpublic/build/[22m[35massets/Form-C_09f-36.css                           [39m[1m[2m    0.40 kB[22m[1m[22m[2m │ gzip:   0.23 kB[22m
[2mpublic/build/[22m[35massets/Form-BH3LeVjQ.css                           [39m[1m[2m    0.45 kB[22m[1m[22m[2m │ gzip:   0.24 kB[22m
[2mpublic/build/[22m[35massets/Form-CdPpOgyc.css                           [39m[1m[2m    0.55 kB[22m[1m[22m[2m │ gzip:   0.20 kB[22m
[2mpublic/build/[22m[35massets/Form-xpi6BXJy.css                           [39m[1m[2m    0.61 kB[22m[1m[22m[2m │ gzip:   0.34 kB[22m
[2mpublic/build/[22m[35massets/PatientModal-Cca_p6yc.css                   [39m[1m[2m    0.63 kB[22m[1m[22m[2m │ gzip:   0.29 kB[22m
[2mpublic/build/[22m[35massets/Form-BnAJTzj6.css                           [39m[1m[2m    0.78 kB[22m[1m[22m[2m │ gzip:   0.30 kB[22m
[2mpublic/build/[22m[35massets/DoctorSummary-D2_EQMFM.css                  [39m[1m[2m    0.81 kB[22m[1m[22m[2m │ gzip:   0.37 kB[22m
[2mpublic/build/[22m[35massets/Welcome-PoIPre1S.css                        [39m[1m[2m    0.81 kB[22m[1m[22m[2m │ gzip:   0.30 kB[22m
[2mpublic/build/[22m[35massets/Prescription-eiXhA0me.css                   [39m[1m[2m    0.84 kB[22m[1m[22m[2m │ gzip:   0.33 kB[22m
[2mpublic/build/[22m[35massets/Index-C05UyOCa.css                          [39m[1m[2m    0.85 kB[22m[1m[22m[2m │ gzip:   0.36 kB[22m
[2mpublic/build/[22m[35massets/Form-Cy0InA-k.css                           [39m[1m[2m    0.88 kB[22m[1m[22m[2m │ gzip:   0.36 kB[22m
[2mpublic/build/[22m[35massets/Index-PONObpou.css                          [39m[1m[2m    0.92 kB[22m[1m[22m[2m │ gzip:   0.41 kB[22m
[2mpublic/build/[22m[35massets/Form-GKp2MrhA.css                           [39m[1m[2m    0.95 kB[22m[1m[22m[2m │ gzip:   0.36 kB[22m
[2mpublic/build/[22m[35massets/Form-DZny5Ntk.css                           [39m[1m[2m    1.65 kB[22m[1m[22m[2m │ gzip:   0.50 kB[22m
[2mpublic/build/[22m[35massets/testBillingSearching-CTWyFJVC.css           [39m[1m[2m    1.83 kB[22m[1m[22m[2m │ gzip:   0.62 kB[22m
[2mpublic/build/[22m[35massets/Billing-Ci70odzk.css                        [39m[1m[2m    1.88 kB[22m[1m[22m[2m │ gzip:   0.62 kB[22m
[2mpublic/build/[22m[35massets/Form-Dltrgrvc.css                           [39m[1m[2m    2.05 kB[22m[1m[22m[2m │ gzip:   0.47 kB[22m
[2mpublic/build/[22m[35massets/PayeeBills-pPndl_ws.css                     [39m[1m[2m    2.33 kB[22m[1m[22m[2m │ gzip:   0.72 kB[22m
[2mpublic/build/[22m[35massets/Home-DKJCk5Bg.css                           [39m[1m[2m    3.82 kB[22m[1m[22m[2m │ gzip:   1.25 kB[22m
[2mpublic/build/[22m[35massets/BillingPage-Ds2JDLZH.css                    [39m[1m[2m    3.91 kB[22m[1m[22m[2m │ gzip:   1.05 kB[22m
[2mpublic/build/[22m[35massets/BackendLayout-CYXfcJL5.css                  [39m[1m[2m    4.59 kB[22m[1m[22m[2m │ gzip:   0.87 kB[22m
[2mpublic/build/[22m[35massets/vendor-vue-DIn9qltL.css                     [39m[1m[2m    7.09 kB[22m[1m[22m[2m │ gzip:   1.73 kB[22m
[2mpublic/build/[22m[35massets/vendor-F9BXtFN1.css                         [39m[1m[2m   26.52 kB[22m[1m[22m[2m │ gzip:   5.85 kB[22m
[2mpublic/build/[22m[35massets/app-CDhI5vRg.css                            [39m[1m[2m  163.09 kB[22m[1m[22m[2m │ gzip:  23.45 kB[22m
[2mpublic/build/[22m[36massets/Invoice-CTS6U8ia.js                         [39m[1m[2m    0.11 kB[22m[1m[22m[2m │ gzip:   0.12 kB[22m
[2mpublic/build/[22m[36massets/InputError-BP6OAqlz.js                      [39m[1m[2m    0.27 kB[22m[1m[22m[2m │ gzip:   0.23 kB[22m
[2mpublic/build/[22m[36massets/SectionBorder-CzZX2C-2.js                   [39m[1m[2m    0.31 kB[22m[1m[22m[2m │ gzip:   0.25 kB[22m
[2mpublic/build/[22m[36massets/AuthenticationCardLogo-JKRqFS5E.js          [39m[1m[2m    0.32 kB[22m[1m[22m[2m │ gzip:   0.27 kB[22m
[2mpublic/build/[22m[36massets/useModalSubmissionGuard-Gzho5LmU.js         [39m[1m[2m    0.42 kB[22m[1m[22m[2m │ gzip:   0.28 kB[22m
[2mpublic/build/[22m[36massets/ActionMessage-BAWSSIUu.js                   [39m[1m[2m    0.44 kB[22m[1m[22m[2m │ gzip:   0.32 kB[22m
[2mpublic/build/[22m[36massets/AuthenticationCard-CXS8Ok3i.js              [39m[1m[2m    0.46 kB[22m[1m[22m[2m │ gzip:   0.32 kB[22m
[2mpublic/build/[22m[36massets/Placeholder-CVp7FMfl.js                     [39m[1m[2m    0.47 kB[22m[1m[22m[2m │ gzip:   0.34 kB[22m
[2mpublic/build/[22m[36massets/SectionTitle-DPZ42cD-.js                    [39m[1m[2m    0.50 kB[22m[1m[22m[2m │ gzip:   0.32 kB[22m
[2mpublic/build/[22m[36massets/Checkbox-7NzQD-TY.js                        [39m[1m[2m    0.55 kB[22m[1m[22m[2m │ gzip:   0.38 kB[22m
[2mpublic/build/[22m[36massets/DangerButton-CzYHBrua.js                    [39m[1m[2m    0.55 kB[22m[1m[22m[2m │ gzip:   0.37 kB[22m
[2mpublic/build/[22m[36massets/SecondaryButton-ANu4imyM.js                 [39m[1m[2m    0.55 kB[22m[1m[22m[2m │ gzip:   0.39 kB[22m
[2mpublic/build/[22m[36massets/InputLabel-CwCkM_Qf.js                      [39m[1m[2m    0.56 kB[22m[1m[22m[2m │ gzip:   0.36 kB[22m
[2mpublic/build/[22m[36massets/PrimaryButton-CvXVk2HO.js                   [39m[1m[2m    0.56 kB[22m[1m[22m[2m │ gzip:   0.38 kB[22m
[2mpublic/build/[22m[36massets/AlertMessage-CuiXppkM.js                    [39m[1m[2m    0.57 kB[22m[1m[22m[2m │ gzip:   0.33 kB[22m
[2mpublic/build/[22m[36massets/TextInput-CxnjYylk.js                       [39m[1m[2m    0.69 kB[22m[1m[22m[2m │ gzip:   0.44 kB[22m
[2mpublic/build/[22m[36massets/PrivacyPolicy-CzYxwaEB.js                   [39m[1m[2m    0.71 kB[22m[1m[22m[2m │ gzip:   0.46 kB[22m
[2mpublic/build/[22m[36massets/TermsOfService-DiPivkkP.js                  [39m[1m[2m    0.71 kB[22m[1m[22m[2m │ gzip:   0.47 kB[22m
[2mpublic/build/[22m[36massets/Show-D979lI3g.js                            [39m[1m[2m    0.80 kB[22m[1m[22m[2m │ gzip:   0.52 kB[22m
[2mpublic/build/[22m[36massets/FormSection-CBgC2JYu.js                     [39m[1m[2m    0.95 kB[22m[1m[22m[2m │ gzip:   0.55 kB[22m
[2mpublic/build/[22m[36massets/Audit-BIucdsjW.js                           [39m[1m[2m    0.97 kB[22m[1m[22m[2m │ gzip:   0.60 kB[22m
[2mpublic/build/[22m[36massets/Index-St7i35ci.js                           [39m[1m[2m    1.07 kB[22m[1m[22m[2m │ gzip:   0.65 kB[22m
[2mpublic/build/[22m[36massets/Index-Bz-_IMcE.js                           [39m[1m[2m    1.15 kB[22m[1m[22m[2m │ gzip:   0.64 kB[22m
[2mpublic/build/[22m[36massets/DialogModal-4kIWCeeO.js                     [39m[1m[2m    1.20 kB[22m[1m[22m[2m │ gzip:   0.64 kB[22m
[2mpublic/build/[22m[36massets/Form-BhLl81pZ.js                            [39m[1m[2m    1.23 kB[22m[1m[22m[2m │ gzip:   0.67 kB[22m
[2mpublic/build/[22m[36massets/Index-ABKFqD6q.js                           [39m[1m[2m    1.24 kB[22m[1m[22m[2m │ gzip:   0.67 kB[22m
[2mpublic/build/[22m[36massets/Form-DO3aJvqG.js                            [39m[1m[2m    1.27 kB[22m[1m[22m[2m │ gzip:   0.67 kB[22m
[2mpublic/build/[22m[36massets/Index-DPwqhIk6.js                           [39m[1m[2m    1.28 kB[22m[1m[22m[2m │ gzip:   0.69 kB[22m
[2mpublic/build/[22m[36massets/Index-BgmCDqaF.js                           [39m[1m[2m    1.34 kB[22m[1m[22m[2m │ gzip:   0.71 kB[22m
[2mpublic/build/[22m[36massets/ConfirmPassword-G8aqqUpj.js                 [39m[1m[2m    1.63 kB[22m[1m[22m[2m │ gzip:   0.89 kB[22m
[2mpublic/build/[22m[36massets/Form-B8vPku1m.js                            [39m[1m[2m    1.63 kB[22m[1m[22m[2m │ gzip:   0.83 kB[22m
[2mpublic/build/[22m[36massets/Index-Bpcjd_ec.js                           [39m[1m[2m    1.65 kB[22m[1m[22m[2m │ gzip:   0.86 kB[22m
[2mpublic/build/[22m[36massets/ForgotPassword-CyJBnKJD.js                  [39m[1m[2m    1.74 kB[22m[1m[22m[2m │ gzip:   0.95 kB[22m
[2mpublic/build/[22m[36massets/Form-giZpINQk.js                            [39m[1m[2m    1.88 kB[22m[1m[22m[2m │ gzip:   0.91 kB[22m
[2mpublic/build/[22m[36massets/Index-Dy9-1ePG.js                           [39m[1m[2m    1.89 kB[22m[1m[22m[2m │ gzip:   0.92 kB[22m
[2mpublic/build/[22m[36massets/Form-CLoz6pJa.js                            [39m[1m[2m    1.94 kB[22m[1m[22m[2m │ gzip:   0.92 kB[22m
[2mpublic/build/[22m[36massets/VerifyEmail-Bmx15rYq.js                     [39m[1m[2m    2.00 kB[22m[1m[22m[2m │ gzip:   0.99 kB[22m
[2mpublic/build/[22m[36massets/Show-yIuvAaZq.js                            [39m[1m[2m    2.03 kB[22m[1m[22m[2m │ gzip:   0.98 kB[22m
[2mpublic/build/[22m[36massets/Modal-Blg5zRnn.js                           [39m[1m[2m    2.10 kB[22m[1m[22m[2m │ gzip:   0.91 kB[22m
[2mpublic/build/[22m[36massets/responseMessage-7Xx4BmiW.js                 [39m[1m[2m    2.15 kB[22m[1m[22m[2m │ gzip:   0.80 kB[22m
[2mpublic/build/[22m[36massets/Index-DBCH8AvV.js                           [39m[1m[2m    2.16 kB[22m[1m[22m[2m │ gzip:   1.00 kB[22m
[2mpublic/build/[22m[36massets/UnitModal-BwbVa9IA.js                       [39m[1m[2m    2.20 kB[22m[1m[22m[2m │ gzip:   1.19 kB[22m
[2mpublic/build/[22m[36massets/Index-DZB9Q1zN.js                           [39m[1m[2m    2.20 kB[22m[1m[22m[2m │ gzip:   0.98 kB[22m
[2mpublic/build/[22m[36massets/Index-Cg5inMwq.js                           [39m[1m[2m    2.20 kB[22m[1m[22m[2m │ gzip:   0.98 kB[22m
[2mpublic/build/[22m[36massets/Index-BYnw0z_Y.js                           [39m[1m[2m    2.20 kB[22m[1m[22m[2m │ gzip:   0.98 kB[22m
[2mpublic/build/[22m[36massets/Index-BRQEVZ4c.js                           [39m[1m[2m    2.20 kB[22m[1m[22m[2m │ gzip:   0.99 kB[22m
[2mpublic/build/[22m[36massets/Index-CFtCQzml.js                           [39m[1m[2m    2.20 kB[22m[1m[22m[2m │ gzip:   0.98 kB[22m
[2mpublic/build/[22m[36massets/Index-B3w_aXRo.js                           [39m[1m[2m    2.21 kB[22m[1m[22m[2m │ gzip:   0.99 kB[22m
[2mpublic/build/[22m[36massets/Index-CV2KFo7O.js                           [39m[1m[2m    2.21 kB[22m[1m[22m[2m │ gzip:   0.99 kB[22m
[2mpublic/build/[22m[36massets/ResetPassword-UpBHqTE0.js                   [39m[1m[2m    2.27 kB[22m[1m[22m[2m │ gzip:   0.91 kB[22m
[2mpublic/build/[22m[36massets/Pagination-bbZ3jN9x.js                      [39m[1m[2m    2.30 kB[22m[1m[22m[2m │ gzip:   0.83 kB[22m
[2mpublic/build/[22m[36massets/LeaveSingleView-C_MNRyBi.js                 [39m[1m[2m    2.39 kB[22m[1m[22m[2m │ gzip:   1.03 kB[22m
[2mpublic/build/[22m[36massets/DeleteUserForm-DmLtujxd.js                  [39m[1m[2m    2.43 kB[22m[1m[22m[2m │ gzip:   1.14 kB[22m
[2mpublic/build/[22m[36massets/DropdownLink-Dh99D-JL.js                    [39m[1m[2m    2.55 kB[22m[1m[22m[2m │ gzip:   1.07 kB[22m
[2mpublic/build/[22m[36massets/TwoFactorChallenge-C_paAtRh.js              [39m[1m[2m    2.56 kB[22m[1m[22m[2m │ gzip:   1.14 kB[22m
[2mpublic/build/[22m[36massets/LowStockReport-CwzL1DvL.js                  [39m[1m[2m    2.62 kB[22m[1m[22m[2m │ gzip:   1.16 kB[22m
[2mpublic/build/[22m[36massets/Show-Bg167WFU.js                            [39m[1m[2m    2.67 kB[22m[1m[22m[2m │ gzip:   0.98 kB[22m
[2mpublic/build/[22m[36massets/Index-CDHRPoTn.js                           [39m[1m[2m    2.74 kB[22m[1m[22m[2m │ gzip:   1.24 kB[22m
[2mpublic/build/[22m[36massets/UpdatePasswordForm-_6YqW1x-.js              [39m[1m[2m    2.75 kB[22m[1m[22m[2m │ gzip:   1.03 kB[22m
[2mpublic/build/[22m[36massets/Index-0Nb9KiUa.js                           [39m[1m[2m    2.76 kB[22m[1m[22m[2m │ gzip:   1.24 kB[22m
[2mpublic/build/[22m[36massets/ExchangeIndex-RlWCqTuS.js                   [39m[1m[2m    2.84 kB[22m[1m[22m[2m │ gzip:   1.29 kB[22m
[2mpublic/build/[22m[36massets/Grns-KcwrT4ir.js                            [39m[1m[2m    2.88 kB[22m[1m[22m[2m │ gzip:   1.28 kB[22m
[2mpublic/build/[22m[36massets/Index-CzOWNKY4.js                           [39m[1m[2m    2.89 kB[22m[1m[22m[2m │ gzip:   1.22 kB[22m
[2mpublic/build/[22m[36massets/Form-BVkDnlaa.js                            [39m[1m[2m    2.93 kB[22m[1m[22m[2m │ gzip:   1.42 kB[22m
[2mpublic/build/[22m[36massets/BaseTable-WwdbLipw.js                       [39m[1m[2m    3.08 kB[22m[1m[22m[2m │ gzip:   1.43 kB[22m
[2mpublic/build/[22m[36massets/Show-DSqFfKG1.js                            [39m[1m[2m    3.11 kB[22m[1m[22m[2m │ gzip:   1.16 kB[22m
[2mpublic/build/[22m[36massets/Form-CgcJumZT.js                            [39m[1m[2m    3.13 kB[22m[1m[22m[2m │ gzip:   1.47 kB[22m
[2mpublic/build/[22m[36massets/Form-8t2xH6uk.js                            [39m[1m[2m    3.14 kB[22m[1m[22m[2m │ gzip:   1.47 kB[22m
[2mpublic/build/[22m[36massets/Form-B9LEWyqD.js                            [39m[1m[2m    3.14 kB[22m[1m[22m[2m │ gzip:   1.47 kB[22m
[2mpublic/build/[22m[36massets/Form-Brvjtbij.js                            [39m[1m[2m    3.14 kB[22m[1m[22m[2m │ gzip:   1.47 kB[22m
[2mpublic/build/[22m[36massets/Form-Cq6rvhgL.js                            [39m[1m[2m    3.14 kB[22m[1m[22m[2m │ gzip:   1.47 kB[22m
[2mpublic/build/[22m[36massets/Form-DhNZ7ndb.js                            [39m[1m[2m    3.15 kB[22m[1m[22m[2m │ gzip:   1.47 kB[22m
[2mpublic/build/[22m[36massets/Form-BOrua5Q0.js                            [39m[1m[2m    3.15 kB[22m[1m[22m[2m │ gzip:   1.48 kB[22m
[2mpublic/build/[22m[36massets/Form-D6tMTASH.js                            [39m[1m[2m    3.15 kB[22m[1m[22m[2m │ gzip:   1.47 kB[22m
[2mpublic/build/[22m[36massets/Form-CWDeeDiM.js                            [39m[1m[2m    3.15 kB[22m[1m[22m[2m │ gzip:   1.47 kB[22m
[2mpublic/build/[22m[36massets/Form-Cm3A6eYb.js                            [39m[1m[2m    3.16 kB[22m[1m[22m[2m │ gzip:   1.48 kB[22m
[2mpublic/build/[22m[36massets/Form-DlHJmLbd.js                            [39m[1m[2m    3.17 kB[22m[1m[22m[2m │ gzip:   1.48 kB[22m
[2mpublic/build/[22m[36massets/Form-QdnR9IqX.js                            [39m[1m[2m    3.21 kB[22m[1m[22m[2m │ gzip:   1.56 kB[22m
[2mpublic/build/[22m[36massets/Form-CYhmpVUa.js                            [39m[1m[2m    3.27 kB[22m[1m[22m[2m │ gzip:   1.58 kB[22m
[2mpublic/build/[22m[36massets/Form-BIaJPAVG.js                            [39m[1m[2m    3.27 kB[22m[1m[22m[2m │ gzip:   1.59 kB[22m
[2mpublic/build/[22m[36massets/Form-DnEpxFrs.js                            [39m[1m[2m    3.27 kB[22m[1m[22m[2m │ gzip:   1.59 kB[22m
[2mpublic/build/[22m[36massets/Form-8Xd6_G3a.js                            [39m[1m[2m    3.28 kB[22m[1m[22m[2m │ gzip:   1.59 kB[22m
[2mpublic/build/[22m[36massets/Form-BxvU9IIl.js                            [39m[1m[2m    3.29 kB[22m[1m[22m[2m │ gzip:   1.59 kB[22m
[2mpublic/build/[22m[36massets/Form-CWBXicC6.js                            [39m[1m[2m    3.30 kB[22m[1m[22m[2m │ gzip:   1.59 kB[22m
[2mpublic/build/[22m[36massets/Form-DZyig3sQ.js                            [39m[1m[2m    3.31 kB[22m[1m[22m[2m │ gzip:   1.59 kB[22m
[2mpublic/build/[22m[36massets/Balances-DFmg-Vkv.js                        [39m[1m[2m    3.58 kB[22m[1m[22m[2m │ gzip:   1.19 kB[22m
[2mpublic/build/[22m[36massets/Index-j64uw8zn.js                           [39m[1m[2m    3.59 kB[22m[1m[22m[2m │ gzip:   1.35 kB[22m
[2mpublic/build/[22m[36massets/Form-BnPMeEw8.js                            [39m[1m[2m    3.70 kB[22m[1m[22m[2m │ gzip:   1.29 kB[22m
[2mpublic/build/[22m[36massets/Register-Do6G07Vj.js                        [39m[1m[2m    3.78 kB[22m[1m[22m[2m │ gzip:   1.34 kB[22m
[2mpublic/build/[22m[36massets/SymptomTypeModal-Y-rlk7ie.js                [39m[1m[2m    3.79 kB[22m[1m[22m[2m │ gzip:   1.77 kB[22m
[2mpublic/build/[22m[36massets/Index-DCJCkKvS.js                           [39m[1m[2m    3.83 kB[22m[1m[22m[2m │ gzip:   1.26 kB[22m
[2mpublic/build/[22m[36massets/Form-BEzWRbh7.js                            [39m[1m[2m    3.86 kB[22m[1m[22m[2m │ gzip:   1.65 kB[22m
[2mpublic/build/[22m[36massets/Form-ChtWUod-.js                            [39m[1m[2m    3.86 kB[22m[1m[22m[2m │ gzip:   1.65 kB[22m
[2mpublic/build/[22m[36massets/Form-Cs1LH4ay.js                            [39m[1m[2m    3.87 kB[22m[1m[22m[2m │ gzip:   1.66 kB[22m
[2mpublic/build/[22m[36massets/Form-C454Tmyf.js                            [39m[1m[2m    3.87 kB[22m[1m[22m[2m │ gzip:   1.65 kB[22m
[2mpublic/build/[22m[36massets/Form-BmXiLxXM.js                            [39m[1m[2m    3.90 kB[22m[1m[22m[2m │ gzip:   1.67 kB[22m
[2mpublic/build/[22m[36massets/Form-Costf40N.js                            [39m[1m[2m    3.94 kB[22m[1m[22m[2m │ gzip:   1.68 kB[22m
[2mpublic/build/[22m[36massets/Index-5qAayLW7.js                           [39m[1m[2m    3.99 kB[22m[1m[22m[2m │ gzip:   1.52 kB[22m
[2mpublic/build/[22m[36massets/Index-B6oXPUyp.js                           [39m[1m[2m    3.99 kB[22m[1m[22m[2m │ gzip:   1.52 kB[22m
[2mpublic/build/[22m[36massets/Index-CfwP7YN5.js                           [39m[1m[2m    4.01 kB[22m[1m[22m[2m │ gzip:   1.52 kB[22m
[2mpublic/build/[22m[36massets/Index-BhEQ31QU.js                           [39m[1m[2m    4.01 kB[22m[1m[22m[2m │ gzip:   1.75 kB[22m
[2mpublic/build/[22m[36massets/Index-CoRVdSm6.js                           [39m[1m[2m    4.02 kB[22m[1m[22m[2m │ gzip:   1.52 kB[22m
[2mpublic/build/[22m[36massets/Form-Bmk9BG1l.js                            [39m[1m[2m    4.03 kB[22m[1m[22m[2m │ gzip:   1.59 kB[22m
[2mpublic/build/[22m[36massets/PaySlip-YkDQYJe2.js                         [39m[1m[2m    4.06 kB[22m[1m[22m[2m │ gzip:   1.70 kB[22m
[2mpublic/build/[22m[36massets/Index-Bm-p_jIY.js                           [39m[1m[2m    4.09 kB[22m[1m[22m[2m │ gzip:   1.54 kB[22m
[2mpublic/build/[22m[36massets/Index-BgHNvft6.js                           [39m[1m[2m    4.09 kB[22m[1m[22m[2m │ gzip:   1.54 kB[22m
[2mpublic/build/[22m[36massets/Index-DsF9oDtM.js                           [39m[1m[2m    4.09 kB[22m[1m[22m[2m │ gzip:   1.54 kB[22m
[2mpublic/build/[22m[36massets/Index-B-jBL4f4.js                           [39m[1m[2m    4.09 kB[22m[1m[22m[2m │ gzip:   1.54 kB[22m
[2mpublic/build/[22m[36massets/Index-3t1KMSuQ.js                           [39m[1m[2m    4.09 kB[22m[1m[22m[2m │ gzip:   1.54 kB[22m
[2mpublic/build/[22m[36massets/Index-C3qS5ui4.js                           [39m[1m[2m    4.09 kB[22m[1m[22m[2m │ gzip:   1.54 kB[22m
[2mpublic/build/[22m[36massets/Index-B18vAtfi.js                           [39m[1m[2m    4.10 kB[22m[1m[22m[2m │ gzip:   1.54 kB[22m
[2mpublic/build/[22m[36massets/Index-DkAkxfQh.js                           [39m[1m[2m    4.10 kB[22m[1m[22m[2m │ gzip:   1.55 kB[22m
[2mpublic/build/[22m[36massets/Index-C4-IXnMH.js                           [39m[1m[2m    4.10 kB[22m[1m[22m[2m │ gzip:   1.54 kB[22m
[2mpublic/build/[22m[36massets/Index-BmL4ks0M.js                           [39m[1m[2m    4.10 kB[22m[1m[22m[2m │ gzip:   1.54 kB[22m
[2mpublic/build/[22m[36massets/Index-CfBJKcsQ.js                           [39m[1m[2m    4.10 kB[22m[1m[22m[2m │ gzip:   1.54 kB[22m
[2mpublic/build/[22m[36massets/MonthlyClosing-FfkX6iED.js                  [39m[1m[2m    4.11 kB[22m[1m[22m[2m │ gzip:   1.52 kB[22m
[2mpublic/build/[22m[36massets/Index-cMC5Ty6l.js                           [39m[1m[2m    4.14 kB[22m[1m[22m[2m │ gzip:   1.67 kB[22m
[2mpublic/build/[22m[36massets/Show-BFjjwCMU.js                            [39m[1m[2m    4.17 kB[22m[1m[22m[2m │ gzip:   1.62 kB[22m
[2mpublic/build/[22m[36massets/Form-D51Ff6-6.js                            [39m[1m[2m    4.22 kB[22m[1m[22m[2m │ gzip:   1.96 kB[22m
[2mpublic/build/[22m[36massets/UpdateProfileInformationForm-BUQBpeiM.js    [39m[1m[2m    4.23 kB[22m[1m[22m[2m │ gzip:   1.84 kB[22m
[2mpublic/build/[22m[36massets/Index-Bq6OJ9fm.js                           [39m[1m[2m    4.29 kB[22m[1m[22m[2m │ gzip:   1.69 kB[22m
[2mpublic/build/[22m[36massets/LogoutOtherBrowserSessionsForm-CpbakK7y.js  [39m[1m[2m    4.34 kB[22m[1m[22m[2m │ gzip:   1.92 kB[22m
[2mpublic/build/[22m[36massets/Index-UTboC1Hb.js                           [39m[1m[2m    4.40 kB[22m[1m[22m[2m │ gzip:   1.64 kB[22m
[2mpublic/build/[22m[36massets/Form-BVkfbbHO.js                            [39m[1m[2m    4.43 kB[22m[1m[22m[2m │ gzip:   1.75 kB[22m
[2mpublic/build/[22m[36massets/Index-DWcdHlm8.js                           [39m[1m[2m    4.58 kB[22m[1m[22m[2m │ gzip:   1.76 kB[22m
[2mpublic/build/[22m[36massets/Index-u3na4t5_.js                           [39m[1m[2m    4.59 kB[22m[1m[22m[2m │ gzip:   1.61 kB[22m
[2mpublic/build/[22m[36massets/Index-D0S1ONO4.js                           [39m[1m[2m    4.61 kB[22m[1m[22m[2m │ gzip:   1.61 kB[22m
[2mpublic/build/[22m[36massets/Index-DXzbUosX.js                           [39m[1m[2m    4.61 kB[22m[1m[22m[2m │ gzip:   1.61 kB[22m
[2mpublic/build/[22m[36massets/Index-dzXjSXqg.js                           [39m[1m[2m    4.62 kB[22m[1m[22m[2m │ gzip:   1.62 kB[22m
[2mpublic/build/[22m[36massets/Index-JvqO5hSg.js                           [39m[1m[2m    4.62 kB[22m[1m[22m[2m │ gzip:   1.62 kB[22m
[2mpublic/build/[22m[36massets/Index-sIowSOfU.js                           [39m[1m[2m    4.62 kB[22m[1m[22m[2m │ gzip:   1.62 kB[22m
[2mpublic/build/[22m[36massets/Index-DcLMsxXO.js                           [39m[1m[2m    4.62 kB[22m[1m[22m[2m │ gzip:   1.62 kB[22m
[2mpublic/build/[22m[36massets/Index-BG7nPJOJ.js                           [39m[1m[2m    4.62 kB[22m[1m[22m[2m │ gzip:   1.62 kB[22m
[2mpublic/build/[22m[36massets/Index-DZIUflq9.js                           [39m[1m[2m    4.63 kB[22m[1m[22m[2m │ gzip:   1.62 kB[22m
[2mpublic/build/[22m[36massets/Index-BF3skQWY.js                           [39m[1m[2m    4.63 kB[22m[1m[22m[2m │ gzip:   1.62 kB[22m
[2mpublic/build/[22m[36massets/Index-CrMyy_AK.js                           [39m[1m[2m    4.64 kB[22m[1m[22m[2m │ gzip:   1.63 kB[22m
[2mpublic/build/[22m[36massets/Form-7ZcfhRm0.js                            [39m[1m[2m    4.65 kB[22m[1m[22m[2m │ gzip:   1.88 kB[22m
[2mpublic/build/[22m[36massets/Index-DTrNaHBP.js                           [39m[1m[2m    4.70 kB[22m[1m[22m[2m │ gzip:   1.63 kB[22m
[2mpublic/build/[22m[36massets/Index-CepoSPDP.js                           [39m[1m[2m    4.70 kB[22m[1m[22m[2m │ gzip:   1.63 kB[22m
[2mpublic/build/[22m[36massets/Index-DLkPRi7I.js                           [39m[1m[2m    4.71 kB[22m[1m[22m[2m │ gzip:   1.64 kB[22m
[2mpublic/build/[22m[36massets/Index-6kJR8adT.js                           [39m[1m[2m    4.72 kB[22m[1m[22m[2m │ gzip:   1.64 kB[22m
[2mpublic/build/[22m[36massets/Index-MfKcZMIH.js                           [39m[1m[2m    4.73 kB[22m[1m[22m[2m │ gzip:   1.64 kB[22m
[2mpublic/build/[22m[36massets/Index-COC8mYPz.js                           [39m[1m[2m    4.74 kB[22m[1m[22m[2m │ gzip:   1.65 kB[22m
[2mpublic/build/[22m[36massets/Create-D638Usik.js                          [39m[1m[2m    4.75 kB[22m[1m[22m[2m │ gzip:   1.76 kB[22m
[2mpublic/build/[22m[36massets/Adjustments-BUY5kjuO.js                     [39m[1m[2m    4.78 kB[22m[1m[22m[2m │ gzip:   1.90 kB[22m
[2mpublic/build/[22m[36massets/Index-DjV14-tg.js                           [39m[1m[2m    4.79 kB[22m[1m[22m[2m │ gzip:   1.67 kB[22m
[2mpublic/build/[22m[36massets/Show-C8Jdv9v6.js                            [39m[1m[2m    4.81 kB[22m[1m[22m[2m │ gzip:   1.78 kB[22m
[2mpublic/build/[22m[36massets/Form-BVC9VAzh.js                            [39m[1m[2m    4.83 kB[22m[1m[22m[2m │ gzip:   1.90 kB[22m
[2mpublic/build/[22m[36massets/RequisitionForm-CM5A3tEo.js                 [39m[1m[2m    4.85 kB[22m[1m[22m[2m │ gzip:   1.83 kB[22m
[2mpublic/build/[22m[36massets/GrnForm-CnfsEKN1.js                         [39m[1m[2m    4.88 kB[22m[1m[22m[2m │ gzip:   1.77 kB[22m
[2mpublic/build/[22m[36massets/Edit-BFDYr8yo.js                            [39m[1m[2m    4.91 kB[22m[1m[22m[2m │ gzip:   1.84 kB[22m
[2mpublic/build/[22m[36massets/ItemForm-DLhHRdEZ.js                        [39m[1m[2m    5.01 kB[22m[1m[22m[2m │ gzip:   1.52 kB[22m
[2mpublic/build/[22m[36massets/Form-DTKNzsUX.js                            [39m[1m[2m    5.02 kB[22m[1m[22m[2m │ gzip:   2.05 kB[22m
[2mpublic/build/[22m[36massets/StockMovementReport-B3Kx2Rd7.js             [39m[1m[2m    5.11 kB[22m[1m[22m[2m │ gzip:   1.97 kB[22m
[2mpublic/build/[22m[36massets/AdjustmentForm-DyTkrFph.js                  [39m[1m[2m    5.12 kB[22m[1m[22m[2m │ gzip:   1.72 kB[22m
[2mpublic/build/[22m[36massets/Form-Ds5EyhTK.js                            [39m[1m[2m    5.17 kB[22m[1m[22m[2m │ gzip:   1.94 kB[22m
[2mpublic/build/[22m[36massets/Form-CNeBXeAi.js                            [39m[1m[2m    5.21 kB[22m[1m[22m[2m │ gzip:   1.85 kB[22m
[2mpublic/build/[22m[36massets/Form-Bk7yCpRL.js                            [39m[1m[2m    5.25 kB[22m[1m[22m[2m │ gzip:   1.86 kB[22m
[2mpublic/build/[22m[36massets/Login-GF75_EIS.js                           [39m[1m[2m    5.26 kB[22m[1m[22m[2m │ gzip:   2.15 kB[22m
[2mpublic/build/[22m[36massets/Form-DIsEI-uH.js                            [39m[1m[2m    5.29 kB[22m[1m[22m[2m │ gzip:   1.96 kB[22m
[2mpublic/build/[22m[36massets/Index-RWufc8fg.js                           [39m[1m[2m    5.43 kB[22m[1m[22m[2m │ gzip:   2.01 kB[22m
[2mpublic/build/[22m[36massets/GrnPrint-3flAiOgl.js                        [39m[1m[2m    5.53 kB[22m[1m[22m[2m │ gzip:   2.27 kB[22m
[2mpublic/build/[22m[36massets/Form-DID0LXvM.js                            [39m[1m[2m    5.55 kB[22m[1m[22m[2m │ gzip:   2.04 kB[22m
[2mpublic/build/[22m[36massets/Index-CNuAyaRy.js                           [39m[1m[2m    5.63 kB[22m[1m[22m[2m │ gzip:   1.80 kB[22m
[2mpublic/build/[22m[36massets/Form-CsLZTFSX.js                            [39m[1m[2m    5.67 kB[22m[1m[22m[2m │ gzip:   1.90 kB[22m
[2mpublic/build/[22m[36massets/Form-Bc1TdtG6.js                            [39m[1m[2m    5.68 kB[22m[1m[22m[2m │ gzip:   2.17 kB[22m
[2mpublic/build/[22m[36massets/RequisitionPrint-2C7P9siD.js                [39m[1m[2m    5.75 kB[22m[1m[22m[2m │ gzip:   2.25 kB[22m
[2mpublic/build/[22m[36massets/Index-CDoDpVDv.js                           [39m[1m[2m    5.86 kB[22m[1m[22m[2m │ gzip:   1.82 kB[22m
[2mpublic/build/[22m[36massets/Charge-Bd4MVBxf.js                          [39m[1m[2m    5.87 kB[22m[1m[22m[2m │ gzip:   2.27 kB[22m
[2mpublic/build/[22m[36massets/Show-D9cnbtQS.js                            [39m[1m[2m    5.88 kB[22m[1m[22m[2m │ gzip:   2.07 kB[22m
[2mpublic/build/[22m[36massets/Form-9ZNq-tiv.js                            [39m[1m[2m    6.04 kB[22m[1m[22m[2m │ gzip:   1.79 kB[22m
[2mpublic/build/[22m[36massets/Report-CqeSyew_.js                          [39m[1m[2m    6.06 kB[22m[1m[22m[2m │ gzip:   1.99 kB[22m
[2mpublic/build/[22m[36massets/Requisitions-BBlmAQJk.js                    [39m[1m[2m    6.06 kB[22m[1m[22m[2m │ gzip:   2.19 kB[22m
[2mpublic/build/[22m[36massets/Index-DZ4sKJcn.js                           [39m[1m[2m    6.07 kB[22m[1m[22m[2m │ gzip:   2.11 kB[22m
[2mpublic/build/[22m[36massets/CashFlow-CWmjt2zl.js                        [39m[1m[2m    6.19 kB[22m[1m[22m[2m │ gzip:   2.03 kB[22m
[2mpublic/build/[22m[36massets/Index-ClUD2WHt.js                           [39m[1m[2m    6.20 kB[22m[1m[22m[2m │ gzip:   1.91 kB[22m
[2mpublic/build/[22m[36massets/Form-CtlITsEV.js                            [39m[1m[2m    6.23 kB[22m[1m[22m[2m │ gzip:   1.94 kB[22m
[2mpublic/build/[22m[36massets/Index-GocOoStF.js                           [39m[1m[2m    6.28 kB[22m[1m[22m[2m │ gzip:   2.38 kB[22m
[2mpublic/build/[22m[36massets/Index-gkmIPbDz.js                           [39m[1m[2m    6.35 kB[22m[1m[22m[2m │ gzip:   2.10 kB[22m
[2mpublic/build/[22m[36massets/Form-CqMMgsdf.js                            [39m[1m[2m    6.36 kB[22m[1m[22m[2m │ gzip:   1.96 kB[22m
[2mpublic/build/[22m[36massets/Edit-1P7R4s6C.js                            [39m[1m[2m    6.59 kB[22m[1m[22m[2m │ gzip:   2.20 kB[22m
[2mpublic/build/[22m[36massets/Form-CGXyh_3q.js                            [39m[1m[2m    6.60 kB[22m[1m[22m[2m │ gzip:   1.96 kB[22m
[2mpublic/build/[22m[36massets/TrialBalance-CQcA0KKl.js                    [39m[1m[2m    6.60 kB[22m[1m[22m[2m │ gzip:   2.18 kB[22m
[2mpublic/build/[22m[36massets/ProfitLoss-DXrYjMCc.js                      [39m[1m[2m    6.75 kB[22m[1m[22m[2m │ gzip:   2.10 kB[22m
[2mpublic/build/[22m[36massets/PatientModal-BhO1Gs7e.js                    [39m[1m[2m    6.78 kB[22m[1m[22m[2m │ gzip:   2.75 kB[22m
[2mpublic/build/[22m[36massets/Form-BtxBd5OX.js                            [39m[1m[2m    6.81 kB[22m[1m[22m[2m │ gzip:   2.03 kB[22m
[2mpublic/build/[22m[36massets/Index-7Oe2uDL_.js                           [39m[1m[2m    6.97 kB[22m[1m[22m[2m │ gzip:   2.11 kB[22m
[2mpublic/build/[22m[36massets/Index-CaXhHE_b.js                           [39m[1m[2m    7.09 kB[22m[1m[22m[2m │ gzip:   2.55 kB[22m
[2mpublic/build/[22m[36massets/ReportDetails-23L8S9Mg.js                   [39m[1m[2m    7.11 kB[22m[1m[22m[2m │ gzip:   2.28 kB[22m
[2mpublic/build/[22m[36massets/ApiTokenManager-pVboAD8d.js                 [39m[1m[2m    7.14 kB[22m[1m[22m[2m │ gzip:   2.76 kB[22m
[2mpublic/build/[22m[36massets/Login-DbFpw6UY.js                           [39m[1m[2m    7.22 kB[22m[1m[22m[2m │ gzip:   2.74 kB[22m
[2mpublic/build/[22m[36massets/Index-B5tmve3k.js                           [39m[1m[2m    7.26 kB[22m[1m[22m[2m │ gzip:   2.32 kB[22m
[2mpublic/build/[22m[36massets/PendingList-CkK_vxuM.js                     [39m[1m[2m    7.34 kB[22m[1m[22m[2m │ gzip:   2.76 kB[22m
[2mpublic/build/[22m[36massets/Form-Cn1NHBZX.js                            [39m[1m[2m    7.36 kB[22m[1m[22m[2m │ gzip:   2.39 kB[22m
[2mpublic/build/[22m[36massets/DutyRoster-qpx4FJP1.js                      [39m[1m[2m    7.38 kB[22m[1m[22m[2m │ gzip:   2.57 kB[22m
[2mpublic/build/[22m[36massets/TwoFactorAuthenticationForm-DcLSFx9u.js     [39m[1m[2m    7.38 kB[22m[1m[22m[2m │ gzip:   2.68 kB[22m
[2mpublic/build/[22m[36massets/BalanceSheet-CfbRPlO8.js                    [39m[1m[2m    7.45 kB[22m[1m[22m[2m │ gzip:   2.16 kB[22m
[2mpublic/build/[22m[36massets/Form-BfZN3Sf3.js                            [39m[1m[2m    7.52 kB[22m[1m[22m[2m │ gzip:   2.46 kB[22m
[2mpublic/build/[22m[36massets/Index-DVBHZ8j1.js                           [39m[1m[2m    7.53 kB[22m[1m[22m[2m │ gzip:   2.78 kB[22m
[2mpublic/build/[22m[36massets/Index-CJfh95Dc.js                           [39m[1m[2m    7.59 kB[22m[1m[22m[2m │ gzip:   2.51 kB[22m
[2mpublic/build/[22m[36massets/Pending-ey8zBPKj.js                         [39m[1m[2m    7.59 kB[22m[1m[22m[2m │ gzip:   1.90 kB[22m
[2mpublic/build/[22m[36massets/RefundList-abgtSTab.js                      [39m[1m[2m    7.61 kB[22m[1m[22m[2m │ gzip:   2.53 kB[22m
[2mpublic/build/[22m[36massets/Form-DmkdXzZx.js                            [39m[1m[2m    7.65 kB[22m[1m[22m[2m │ gzip:   2.29 kB[22m
[2mpublic/build/[22m[36massets/Approval-DOw49Ih0.js                        [39m[1m[2m    7.76 kB[22m[1m[22m[2m │ gzip:   1.91 kB[22m
[2mpublic/build/[22m[36massets/Applylist-BDXyySLh.js                       [39m[1m[2m    7.95 kB[22m[1m[22m[2m │ gzip:   2.01 kB[22m
[2mpublic/build/[22m[36massets/Inbox-C-sJ8dod.js                           [39m[1m[2m    8.06 kB[22m[1m[22m[2m │ gzip:   2.97 kB[22m
[2mpublic/build/[22m[36massets/Index-BMv7TsyR.js                           [39m[1m[2m    8.09 kB[22m[1m[22m[2m │ gzip:   1.81 kB[22m
[2mpublic/build/[22m[36massets/Index-CSKZUiPj.js                           [39m[1m[2m    8.18 kB[22m[1m[22m[2m │ gzip:   2.22 kB[22m
[2mpublic/build/[22m[36massets/StockDueReport-CWcox0Ml.js                  [39m[1m[2m    8.52 kB[22m[1m[22m[2m │ gzip:   2.99 kB[22m
[2mpublic/build/[22m[36massets/Index-DnarqFOI.js                           [39m[1m[2m    8.55 kB[22m[1m[22m[2m │ gzip:   2.64 kB[22m
[2mpublic/build/[22m[36massets/Dashboard-CLjoBzo0.js                       [39m[1m[2m    9.11 kB[22m[1m[22m[2m │ gzip:   3.12 kB[22m
[2mpublic/build/[22m[36massets/Index-CAt_rot-.js                           [39m[1m[2m    9.23 kB[22m[1m[22m[2m │ gzip:   2.88 kB[22m
[2mpublic/build/[22m[36massets/Ledger-DN_m8U7W.js                          [39m[1m[2m    9.28 kB[22m[1m[22m[2m │ gzip:   2.95 kB[22m
[2mpublic/build/[22m[36massets/Index-Czx8lYUM.js                           [39m[1m[2m    9.35 kB[22m[1m[22m[2m │ gzip:   3.16 kB[22m
[2mpublic/build/[22m[36massets/Dashboard-BNGQvBII.js                       [39m[1m[2m    9.38 kB[22m[1m[22m[2m │ gzip:   3.56 kB[22m
[2mpublic/build/[22m[36massets/Index-BUNFs5F5.js                           [39m[1m[2m    9.40 kB[22m[1m[22m[2m │ gzip:   3.70 kB[22m
[2mpublic/build/[22m[36massets/Index-4zTOZUR8.js                           [39m[1m[2m    9.65 kB[22m[1m[22m[2m │ gzip:   3.14 kB[22m
[2mpublic/build/[22m[36massets/Index-CHYBUQ3M.js                           [39m[1m[2m   10.18 kB[22m[1m[22m[2m │ gzip:   3.58 kB[22m
[2mpublic/build/[22m[36massets/Index-DP6U8OER.js                           [39m[1m[2m   10.41 kB[22m[1m[22m[2m │ gzip:   3.35 kB[22m
[2mpublic/build/[22m[36massets/Form-BmZEG_yT.js                            [39m[1m[2m   10.53 kB[22m[1m[22m[2m │ gzip:   3.43 kB[22m
[2mpublic/build/[22m[36massets/Index-6fOBJTpA.js                           [39m[1m[2m   10.96 kB[22m[1m[22m[2m │ gzip:   3.69 kB[22m
[2mpublic/build/[22m[36massets/Form-BeYbomZP.js                            [39m[1m[2m   11.27 kB[22m[1m[22m[2m │ gzip:   3.74 kB[22m
[2mpublic/build/[22m[36massets/Form-Cax77VVq.js                            [39m[1m[2m   11.76 kB[22m[1m[22m[2m │ gzip:   3.86 kB[22m
[2mpublic/build/[22m[36massets/Form-D1WU29QT.js                            [39m[1m[2m   11.81 kB[22m[1m[22m[2m │ gzip:   3.36 kB[22m
[2mpublic/build/[22m[36massets/Form-BXk5kjA4.js                            [39m[1m[2m   11.93 kB[22m[1m[22m[2m │ gzip:   4.24 kB[22m
[2mpublic/build/[22m[36massets/Index-FmfbmcdR.js                           [39m[1m[2m   11.95 kB[22m[1m[22m[2m │ gzip:   3.12 kB[22m
[2mpublic/build/[22m[36massets/Index-BziJcrvo.js                           [39m[1m[2m   12.03 kB[22m[1m[22m[2m │ gzip:   3.76 kB[22m
[2mpublic/build/[22m[36massets/Form-BqRK_2Uf.js                            [39m[1m[2m   12.20 kB[22m[1m[22m[2m │ gzip:   3.50 kB[22m
[2mpublic/build/[22m[36massets/Form-bL3u_bmn.js                            [39m[1m[2m   12.24 kB[22m[1m[22m[2m │ gzip:   3.21 kB[22m
[2mpublic/build/[22m[36massets/Form-CtKou0qe.js                            [39m[1m[2m   12.26 kB[22m[1m[22m[2m │ gzip:   3.76 kB[22m
[2mpublic/build/[22m[36massets/PayeeBills-ZY2VXyfU.js                      [39m[1m[2m   12.27 kB[22m[1m[22m[2m │ gzip:   3.68 kB[22m
[2mpublic/build/[22m[36massets/Home-CmHx7-Xs.js                            [39m[1m[2m   12.44 kB[22m[1m[22m[2m │ gzip:   4.55 kB[22m
[2mpublic/build/[22m[36massets/Index-BOWprnU1.js                           [39m[1m[2m   12.62 kB[22m[1m[22m[2m │ gzip:   4.13 kB[22m
[2mpublic/build/[22m[36massets/Form--P75XY8_.js                            [39m[1m[2m   12.69 kB[22m[1m[22m[2m │ gzip:   4.04 kB[22m
[2mpublic/build/[22m[36massets/Form-zP2BSIl9.js                            [39m[1m[2m   12.85 kB[22m[1m[22m[2m │ gzip:   3.23 kB[22m
[2mpublic/build/[22m[36massets/AppLayout-BU-mETJn.js                       [39m[1m[2m   13.35 kB[22m[1m[22m[2m │ gzip:   3.63 kB[22m
[2mpublic/build/[22m[36massets/Form-DFHe2L-O.js                            [39m[1m[2m   13.44 kB[22m[1m[22m[2m │ gzip:   2.90 kB[22m
[2mpublic/build/[22m[36massets/Form-OhzWLGR0.js                            [39m[1m[2m   13.88 kB[22m[1m[22m[2m │ gzip:   3.83 kB[22m
[2mpublic/build/[22m[36massets/TaxCategoryModal-BbZUm2CD.js                [39m[1m[2m   14.39 kB[22m[1m[22m[2m │ gzip:   2.90 kB[22m
[2mpublic/build/[22m[36massets/Welcome-Y8TWsRqW.js                         [39m[1m[2m   14.39 kB[22m[1m[22m[2m │ gzip:   4.43 kB[22m
[2mpublic/build/[22m[36massets/DoctorModal-C9aDNLKi.js                     [39m[1m[2m   14.43 kB[22m[1m[22m[2m │ gzip:   3.26 kB[22m
[2mpublic/build/[22m[36massets/DoctorSummary-D6jUZ9xW.js                   [39m[1m[2m   15.01 kB[22m[1m[22m[2m │ gzip:   4.33 kB[22m
[2mpublic/build/[22m[36massets/Form-B0Z1nHQG.js                            [39m[1m[2m   15.60 kB[22m[1m[22m[2m │ gzip:   3.59 kB[22m
[2mpublic/build/[22m[36massets/Index-g6Y3LAEp.js                           [39m[1m[2m   15.87 kB[22m[1m[22m[2m │ gzip:   4.90 kB[22m
[2mpublic/build/[22m[36massets/Form-PcpXozZa.js                            [39m[1m[2m   16.26 kB[22m[1m[22m[2m │ gzip:   4.04 kB[22m
[2mpublic/build/[22m[36massets/Form-D80yc92f.js                            [39m[1m[2m   16.54 kB[22m[1m[22m[2m │ gzip:   4.16 kB[22m
[2mpublic/build/[22m[36massets/Prescription-4npzknVT.js                    [39m[1m[2m   18.54 kB[22m[1m[22m[2m │ gzip:   5.09 kB[22m
[2mpublic/build/[22m[36massets/Form-CNDDsrS6.js                            [39m[1m[2m   20.32 kB[22m[1m[22m[2m │ gzip:   5.15 kB[22m
[2mpublic/build/[22m[36massets/Index-BMOep2nF.js                           [39m[1m[2m   20.95 kB[22m[1m[22m[2m │ gzip:   5.73 kB[22m
[2mpublic/build/[22m[36massets/compactForm-C5Fn4MwJ.js                     [39m[1m[2m   22.39 kB[22m[1m[22m[2m │ gzip:   5.49 kB[22m
[2mpublic/build/[22m[36massets/Form-ClUBoIii.js                            [39m[1m[2m   22.55 kB[22m[1m[22m[2m │ gzip:   6.31 kB[22m
[2mpublic/build/[22m[36massets/Prescription-BZ1fDjvG.js                    [39m[1m[2m   23.24 kB[22m[1m[22m[2m │ gzip:   6.71 kB[22m
[2mpublic/build/[22m[36massets/Index-D4J2T-Ob.js                           [39m[1m[2m   24.11 kB[22m[1m[22m[2m │ gzip:   6.95 kB[22m
[2mpublic/build/[22m[36massets/Index-B1r5IylJ.js                           [39m[1m[2m   24.52 kB[22m[1m[22m[2m │ gzip:   6.33 kB[22m
[2mpublic/build/[22m[36massets/Form-CbK74hMS.js                            [39m[1m[2m   24.57 kB[22m[1m[22m[2m │ gzip:   7.21 kB[22m
[2mpublic/build/[22m[36massets/Billing-CsS6SxB6.js                         [39m[1m[2m   26.86 kB[22m[1m[22m[2m │ gzip:   6.96 kB[22m
[2mpublic/build/[22m[36massets/Form-CcQooYCr.js                            [39m[1m[2m   27.40 kB[22m[1m[22m[2m │ gzip:   7.54 kB[22m
[2mpublic/build/[22m[36massets/SalarySheet-zlO8Wzjg.js                     [39m[1m[2m   28.16 kB[22m[1m[22m[2m │ gzip:   6.97 kB[22m
[2mpublic/build/[22m[36massets/Form-jN-4i3ch.js                            [39m[1m[2m   29.13 kB[22m[1m[22m[2m │ gzip:   7.61 kB[22m
[2mpublic/build/[22m[36massets/Form-DQ4lBPMa.js                            [39m[1m[2m   34.56 kB[22m[1m[22m[2m │ gzip:  10.90 kB[22m
[2mpublic/build/[22m[36massets/Test-BLJs2m3d.js                            [39m[1m[2m   36.08 kB[22m[1m[22m[2m │ gzip:   5.01 kB[22m
[2mpublic/build/[22m[36massets/Form-BZnvhNLj.js                            [39m[1m[2m   43.62 kB[22m[1m[22m[2m │ gzip:   8.14 kB[22m
[2mpublic/build/[22m[36massets/testBillingSearching-CbXULKux.js            [39m[1m[2m   44.22 kB[22m[1m[22m[2m │ gzip:  10.31 kB[22m
[2mpublic/build/[22m[36massets/Form-CV9p6Jft.js                            [39m[1m[2m   44.64 kB[22m[1m[22m[2m │ gzip:  10.24 kB[22m
[2mpublic/build/[22m[36massets/BackendLayout-RifUyDUw.js                   [39m[1m[2m   51.25 kB[22m[1m[22m[2m │ gzip:  14.12 kB[22m
[2mpublic/build/[22m[36massets/Show-DNrkFKDm.js                            [39m[1m[2m   60.30 kB[22m[1m[22m[2m │ gzip:  14.32 kB[22m
[2mpublic/build/[22m[36massets/app-mIe059iP.js                             [39m[1m[2m   73.41 kB[22m[1m[22m[2m │ gzip:  16.04 kB[22m
[2mpublic/build/[22m[36massets/BillingPage-Dy_1BIrj.js                     [39m[1m[2m  101.19 kB[22m[1m[22m[2m │ gzip:  25.65 kB[22m
[2mpublic/build/[22m[36massets/Form-LvKQApcW.js                            [39m[1m[2m  113.82 kB[22m[1m[22m[2m │ gzip:  23.49 kB[22m
[2mpublic/build/[22m[36massets/vendor-charts-BCUuXSIo.js                   [39m[1m[2m  155.78 kB[22m[1m[22m[2m │ gzip:  53.07 kB[22m
[2mpublic/build/[22m[36massets/vendor-vue-BqHjlcgC.js                      [39m[1m[2m  169.12 kB[22m[1m[22m[2m │ gzip:  60.39 kB[22m
[2mpublic/build/[22m[36massets/vendor-D3imjngM.js                          [39m[1m[33m  824.63 kB[39m[22m[2m │ gzip: 266.53 kB[22m
[2mpublic/build/[22m[36massets/vendor-files-DAXT-rJp.js                    [39m[1m[33m  929.89 kB[39m[22m[2m │ gzip: 269.02 kB[22m
[2mpublic/build/[22m[36massets/vendor-pdf-D5nw_Buc.js                      [39m[1m[33m1,845.92 kB[39m[22m[2m │ gzip: 554.52 kB[22m
[33m
(!) Some chunks are larger than 800 kB after minification. Consider:
- Using dynamic import() to code-split the application
- Use build.rollupOptions.output.manualChunks to improve chunking: 
https://rollupjs.org/configuration-options/#output-manualchunks
- Adjust chunk size limit for this warning via 
build.chunkSizeWarningLimit.[39m
[32m✓ built in 17.00s[39m
🔄 Refreshing sidebar menu cache...
✓ Cleared menu schema version cache
✅ Sidebar cache refresh complete!
